[04:47:03] [ServerMain/INFO]: Environment: Environment[sessionHost=https://sessionserver.mojang.com, servicesHost=https://api.minecraftservices.com, name=PROD]
[04:47:06] [ServerMain/INFO]: Loaded 0 recipes
[04:47:06] [ServerMain/ERROR]: Parsing error loading custom advancement minecraft:husbandry/root: No key id in MapLike[{"item":"minecraft:barrier"}]
[04:47:06] [ServerMain/ERROR]: Parsing error loading custom advancement minecraft:adventure/root: No key id in MapLike[{"item":"minecraft:barrier"}]
[04:47:06] [ServerMain/ERROR]: Parsing error loading custom advancement minecraft:nether/root: No key id in MapLike[{"item":"minecraft:barrier"}]
[04:47:06] [ServerMain/ERROR]: Parsing error loading custom advancement minecraft:end/root: No key id in MapLike[{"item":"minecraft:barrier"}]
[04:47:06] [ServerMain/ERROR]: Parsing error loading custom advancement minecraft:story/root: No key id in MapLike[{"item":"minecraft:barrier"}]
[04:47:06] [ServerMain/INFO]: Loaded 7 advancements
[04:47:06] [Server thread/INFO]: Starting minecraft server version 1.21.1
[04:47:06] [Server thread/INFO]: Loading properties
[04:47:06] [Server thread/INFO]: Default game type: SURVIVAL
[04:47:06] [Server thread/INFO]: Generating keypair
[04:47:06] [Server thread/INFO]: Starting Minecraft server on *:25565
[04:47:06] [Server thread/INFO]: Using epoll channel type
[04:47:07] [Server thread/WARN]: **** SERVER IS RUNNING IN OFFLINE/INSECURE MODE!
[04:47:07] [Server thread/WARN]: The server will make no attempt to authenticate usernames. Beware.
[04:47:07] [Server thread/WARN]: While this makes the game possible to play without internet access, it also opens up the ability for hackers to connect with any username they choose.
[04:47:07] [Server thread/WARN]: To change this, set "online-mode" to "true" in the server.properties file.
[04:47:07] [Server thread/INFO]: Preparing level "world"
[04:47:10] [Server thread/INFO]: Preparing start region for dimension minecraft:overworld
[04:47:10] [Worker-Main-2/INFO]: Preparing spawn area: 0%
[04:47:10] [Server thread/INFO]: Time elapsed: 530 ms
[04:47:10] [Server thread/INFO]: Done (3.886s)! For help, type "help"
[04:47:35] [Server thread/INFO]: DrDuumbo[/127.142.116.191:49197] logged in with entity id 73 at (64.5, -63.0, -47.5)
[04:47:35] [Server thread/INFO]: DrDuumbo joined the game
[04:47:36] [Server thread/WARN]: UUID of added entity already exists: b['Block Display'/161, l='ServerLevel[world]', x=-28.50, y=9.06, z=29.50]
[04:47:36] [Server thread/WARN]: UUID of added entity already exists: b['Block Display'/222, l='ServerLevel[world]', x=-28.50, y=9.06, z=29.50]
[04:47:52] [Server thread/INFO]: Sarydark_23[/127.76.96.199:33911] logged in with entity id 324 at (1.7458565544279268, 12.0, 3.2744641475607494)
[04:47:52] [Server thread/INFO]: Sarydark_23 joined the game
[04:49:40] [Server thread/INFO]: Named entity cfj[''/328, l='ServerLevel[world]', x=-1050.03, y=56.88, z=-954.93] died:  was slain by Sarydark_23 using [Chicken net]
[04:51:05] [Server thread/ERROR]: Tried to load invalid item: 'Item must not be minecraft:air'
[04:51:05] [Server thread/WARN]: Failed to load offers: No key Recipes in MapLike[{}]
[04:53:51] [Server thread/INFO]: Sarydark_23 lost connection: Disconnected
[04:53:51] [Server thread/INFO]: Sarydark_23 left the game
[04:53:54] [Server thread/INFO]: DrDuumbo lost connection: Disconnected
[04:53:54] [Server thread/INFO]: DrDuumbo left the game
[04:53:57] [Server thread/INFO]: Sarydark_23[/127.76.96.199:39049] logged in with entity id 741 at (-1030.9390681297423, 52.0, -1024.04620171336)
[04:53:57] [Server thread/INFO]: Sarydark_23 joined the game
[04:53:57] [Server thread/INFO]: Sarydark_23 was killed
[04:54:06] [Server thread/INFO]: Named entity cfj[''/326, l='ServerLevel[world]', x=-1049.20, y=56.88, z=-954.97] died:  was killed
[04:54:06] [Server thread/INFO]: Named entity cfj[''/327, l='ServerLevel[world]', x=-1051.66, y=56.88, z=-954.53] died:  was killed
[04:54:06] [Server thread/INFO]: Named entity cfj[''/329, l='ServerLevel[world]', x=-1015.55, y=56.88, z=-1090.80] died:  was killed
[04:54:06] [Server thread/INFO]: Named entity cfj[''/330, l='ServerLevel[world]', x=-1014.46, y=56.88, z=-1089.01] died:  was killed
[04:54:06] [Server thread/INFO]: Named entity cfj[''/331, l='ServerLevel[world]', x=-1015.53, y=56.88, z=-1090.16] died:  was killed
[04:54:06] [Server thread/INFO]: Named entity cfj[''/447, l='ServerLevel[world]', x=-1049.86, y=56.88, z=-956.39] died:  was killed
[04:54:06] [Server thread/INFO]: Named entity cfj[''/534, l='ServerLevel[world]', x=-1049.33, y=56.88, z=-955.94] died:  was killed
[04:54:06] [Server thread/INFO]: Named entity cfj[''/536, l='ServerLevel[world]', x=-1013.56, y=56.88, z=-1088.20] died:  was killed
[04:54:06] [Server thread/INFO]: Named entity cfj[''/569, l='ServerLevel[world]', x=-1050.14, y=56.88, z=-954.83] died:  was killed
[04:54:06] [Server thread/INFO]: Named entity cfj[''/628, l='ServerLevel[world]', x=-1051.58, y=56.88, z=-956.07] died:  was killed
[04:54:06] [Server thread/INFO]: Named entity cfj[''/633, l='ServerLevel[world]', x=-1015.72, y=56.88, z=-1088.89] died:  was killed
[04:54:06] [Server thread/INFO]: Named entity cfj[''/652, l='ServerLevel[world]', x=-1050.12, y=56.88, z=-954.32] died:  was killed
[04:54:06] [Server thread/INFO]: Named entity cfj[''/662, l='ServerLevel[world]', x=-1050.24, y=56.88, z=-956.80] died:  was killed
[04:54:06] [Server thread/INFO]: Named entity cfj[''/663, l='ServerLevel[world]', x=-1015.19, y=56.88, z=-1088.50] died:  was killed
[04:54:06] [Server thread/INFO]: Named entity cfj[''/680, l='ServerLevel[world]', x=-1049.20, y=56.88, z=-955.40] died:  was killed
[04:54:06] [Server thread/INFO]: Named entity cfj[''/682, l='ServerLevel[world]', x=-1015.04, y=56.88, z=-1090.58] died:  was killed
[04:54:06] [Server thread/INFO]: Named entity cfj[''/714, l='ServerLevel[world]', x=-1051.17, y=56.88, z=-954.91] died:  was killed
[04:54:06] [Server thread/INFO]: Named entity cfj[''/726, l='ServerLevel[world]', x=-1049.41, y=56.88, z=-956.80] died:  was killed
[04:54:06] [Server thread/INFO]: Named entity cfj[''/727, l='ServerLevel[world]', x=-1013.79, y=56.88, z=-1090.62] died:  was killed
[04:54:06] [Server thread/INFO]: Named entity cfj[''/740, l='ServerLevel[world]', x=-1050.50, y=56.88, z=-955.50] died:  was killed
[04:54:06] [Server thread/WARN]: UUID of added entity already exists: b['Block Display'/1127, l='ServerLevel[world]', x=-28.50, y=9.06, z=29.50]
[04:54:12] [Server thread/INFO]: Sodio[/127.255.96.209:44193] logged in with entity id 1209 at (64.5, -63.0, -47.5)
[04:54:12] [Server thread/INFO]: Sodio joined the game
[04:54:23] [Server thread/INFO]: [Not Secure] <Sodio> XD
[04:54:23] [Server thread/WARN]: UUID of added entity already exists: g['Item Display'/1327, l='ServerLevel[world]', x=-935.50, y=41.50, z=4.50]
[04:54:23] [Server thread/WARN]: UUID of added entity already exists: g['Item Display'/1328, l='ServerLevel[world]', x=-935.50, y=41.50, z=4.50]
[04:54:23] [Server thread/WARN]: UUID of added entity already exists: g['Item Display'/1329, l='ServerLevel[world]', x=-935.50, y=41.50, z=4.50]
[04:54:23] [Server thread/WARN]: UUID of added entity already exists: g['Item Display'/1330, l='ServerLevel[world]', x=-935.50, y=41.50, z=4.50]
[04:54:28] [Server thread/INFO]: DrDuumbo[/127.142.116.191:35829] logged in with entity id 1356 at (-1039.6721014590703, 54.0, -962.7458909452304)
[04:54:28] [Server thread/INFO]: DrDuumbo joined the game
[04:54:28] [Server thread/WARN]: UUID of added entity already exists: b['Block Display'/1386, l='ServerLevel[world]', x=-28.50, y=9.06, z=29.50]
[04:55:05] [Server thread/WARN]: UUID of added entity already exists: b['Block Display'/1949, l='ServerLevel[world]', x=-28.50, y=9.06, z=29.50]
[04:55:22] [Server thread/INFO]: [Not Secure] <Sodio> como se quita la basura de musica
[04:55:53] [Server thread/INFO]: [Not Secure] <Sodio> que dijo
[04:56:01] [Server thread/INFO]: [Not Secure] <Sodio> no le escuche por la mrd de musica
